// Jest Snapshot v1, https://goo.gl/fbAQLP

exports[`Pruebas en <GifGrid/> debe de mostrar items cuando se cargan im√°genes useFetchGifs 1`] = `
<Fragment>
  <h3>
    One Punch
  </h3>
  <div
    className="card-grid"
  >
    <GifGridItem
      id="ABC"
      key="ABC"
      title="Cualquier cosa"
      url="https://local.loquesea.jpg"
    />
    <GifGridItem
      id="ABC"
      key="ABC"
      title="Cualquier cosa"
      url="https://local.loquesea.jpg"
    />
  </div>
</Fragment>
`;

exports[`Pruebas en <GifGrid/> debe funcionar correctamente 1`] = `
<Fragment>
  <h3>
    One Punch
  </h3>
  <p
    className="animate__animated animate__flash"
  >
    Loading
  </p>
  <div
    className="card-grid"
  />
</Fragment>
`;
