// Jest Snapshot v1, https://goo.gl/fbAQLP

exports[`Pruebas en <GifGridItem/> Debe de mostrar <GifGridItem /> correctamente 1`] = `
<div
  className="card animate__animated animate__fadeIn animate__delay-2s"
>
  <img
    alt="Un título"
    src="https://localhost/algo.json"
  />
  <p>
    Un título
  </p>
</div>
`;
